\BOOKMARK [1][-]{section.1}{\376\377\000C\000o\000n\000c\000e\000t\000t\000i\000\040\000I\000n\000i\000z\000i\000a\000l\000i}{}% 1
\BOOKMARK [1][-]{section.2}{\376\377\000S\000t\000r\000u\000t\000t\000u\000r\000e\000\040\000D\000a\000t\000i}{}% 2
\BOOKMARK [1][-]{section.3}{\376\377\000L\000i\000n\000g\000u\000a\000g\000g\000i\000\040\000f\000o\000r\000m\000a\000l\000i}{}% 3
\BOOKMARK [1][-]{section.4}{\376\377\000S\000t\000o\000r\000i\000a\000\040\000d\000e\000g\000l\000i\000\040\000A\000l\000g\000o\000r\000i\000t\000m\000i}{}% 4
\BOOKMARK [1][-]{section.5}{\376\377\000A\000l\000f\000a\000b\000e\000t\000i}{}% 5
\BOOKMARK [2][-]{subsection.5.1}{\376\377\000D\000e\000f\000i\000n\000i\000z\000i\000o\000n\000e\000\040\000d\000i\000\040\000a\000l\000f\000a\000b\000e\000t\000o}{section.5}% 6
\BOOKMARK [2][-]{subsection.5.2}{\376\377\000G\000r\000a\000m\000m\000a\000t\000i\000c\000a\000\040\000d\000i\000\040\000u\000n\000\040\000a\000l\000f\000a\000b\000e\000t\000o}{section.5}% 7
\BOOKMARK [2][-]{subsection.5.3}{\376\377\000D\000e\000r\000i\000v\000a\000t\000i\000v\000o\000\040\000i\000m\000m\000e\000d\000i\000a\000t\000o}{section.5}% 8
\BOOKMARK [2][-]{subsection.5.4}{\376\377\000D\000e\000r\000i\000v\000a\000t\000i\000v\000o}{section.5}% 9
\BOOKMARK [2][-]{subsection.5.5}{\376\377\000L\000i\000n\000g\000u\000a\000g\000g\000i\000o\000\040\000g\000e\000n\000e\000r\000a\000t\000o}{section.5}% 10
\BOOKMARK [2][-]{subsection.5.6}{\376\377\000D\000e\000r\000i\000v\000a\000z\000i\000o\000n\000i\000\040\000c\000a\000n\000o\000n\000i\000c\000h\000e}{section.5}% 11
\BOOKMARK [2][-]{subsection.5.7}{\376\377\000A\000l\000b\000e\000r\000i\000\040\000d\000i\000\040\000d\000e\000r\000i\000v\000a\000z\000i\000o\000n\000e\000\040\000\050\000P\000a\000r\000s\000e\000\040\000T\000r\000e\000e\000s\000\051}{section.5}% 12
\BOOKMARK [1][-]{section.6}{\376\377\000R\000e\000g\000o\000l\000e\000\040\000d\000i\000\040\000I\000n\000f\000e\000r\000e\000n\000z\000a}{}% 13
\BOOKMARK [1][-]{section.7}{\376\377\000E\000f\000f\000i\000c\000i\000e\000n\000z\000a\000\040\000e\000\040\000c\000o\000s\000t\000o\000\040\000c\000o\000m\000p\000u\000t\000a\000z\000i\000o\000n\000a\000l\000e}{}% 14
\BOOKMARK [2][-]{subsection.7.1}{\376\377\000O\000,\000\040\000,\000\040}{section.7}% 15
\BOOKMARK [2][-]{subsection.7.2}{\376\377\000T\000e\000o\000r\000e\000m\000a\000\040\000P\000r\000i\000n\000c\000i\000p\000a\000l\000e\000\040\000\050\000M\000a\000s\000t\000e\000r\000\040\000T\000h\000e\000o\000r\000e\000m\000\051}{section.7}% 16
\BOOKMARK [2][-]{subsection.7.3}{\376\377\000C\000a\000s\000o\000\040\0001\000:\000\040\000f\000\050\000n\000\051\000\040\000c\000r\000e\000s\000c\000e\000\040\000m\000e\000n\000o\000\040\000d\000e\000l\000l\000a\000\040\000r\000i\000c\000o\000r\000s\000i\000o\000n\000e}{section.7}% 17
\BOOKMARK [2][-]{subsection.7.4}{\376\377\000C\000a\000s\000o\000\040\0002\000:\000\040\000f\000\050\000n\000\051\000\040\000c\000r\000e\000s\000c\000e\000\040\000c\000o\000m\000e\000\040\000l\000a\000\040\000r\000i\000c\000o\000r\000s\000i\000o\000n\000e}{section.7}% 18
\BOOKMARK [2][-]{subsection.7.5}{\376\377\000C\000a\000s\000o\000\040\0003\000:\000\040\000f\000\050\000n\000\051\000\040\000c\000r\000e\000s\000c\000e\000\040\000p\000i\000\371\000\040\000d\000e\000l\000l\000a\000\040\000r\000i\000c\000o\000r\000s\000i\000o\000n\000e}{section.7}% 19
\BOOKMARK [2][-]{subsection.7.6}{\376\377\000M\000e\000t\000o\000d\000o\000\040\000i\000t\000e\000r\000a\000t\000i\000v\000o}{section.7}% 20
\BOOKMARK [2][-]{subsection.7.7}{\376\377\000A\000l\000b\000e\000r\000i\000\040\000d\000i\000\040\000r\000i\000c\000o\000r\000s\000i\000o\000n\000e}{section.7}% 21
\BOOKMARK [2][-]{subsection.7.8}{\376\377\000D\000i\000m\000o\000s\000t\000r\000a\000z\000i\000o\000n\000e\000\040\000d\000e\000l\000\040\000t\000e\000o\000r\000e\000m\000a\000\040\000c\000o\000n\000\040\000a\000l\000b\000e\000r\000i\000\040\000d\000i\000\040\000r\000i\000c\000o\000r\000s\000i\000o\000n\000e}{section.7}% 22
\BOOKMARK [1][-]{section.8}{\376\377\000P\000r\000o\000g\000r\000a\000m\000m\000a\000z\000i\000o\000n\000e\000\040\000d\000i\000n\000a\000m\000i\000c\000a}{}% 23
\BOOKMARK [2][-]{subsection.8.1}{\376\377\000E\000s\000e\000r\000c\000i\000z\000i}{section.8}% 24
\BOOKMARK [3][-]{subsubsection.8.1.1}{\376\377\000P\000r\000o\000b\000l\000e\000m\000a\000\040\0001\000\040\000\050\000D\000e\000l\000l\000o\000\040\000z\000a\000i\000n\000o\000\051}{subsection.8.1}% 25
\BOOKMARK [3][-]{subsubsection.8.1.2}{\376\377\000P\000r\000o\000b\000l\000e\000m\000a\000\040\0002\000\040\000\050\000D\000e\000l\000\040\000v\000i\000a\000g\000g\000i\000a\000t\000o\000r\000e\000\051}{subsection.8.1}% 26
\BOOKMARK [3][-]{subsubsection.8.1.3}{\376\377\000P\000r\000o\000b\000l\000e\000m\000a\000\040\0003\000\040\000\050\000C\000o\000m\000e\000\040\000p\000a\000s\000s\000a\000r\000e\000\040\000l\000'\000e\000s\000a\000m\000e\000\051}{subsection.8.1}% 27
\BOOKMARK [1][-]{section.9}{\376\377\000A\000l\000g\000o\000r\000i\000t\000m\000i\000\040\000G\000r\000e\000e\000d\000y}{}% 28
\BOOKMARK [2][-]{subsection.9.1}{\376\377\000S\000c\000h\000e\000d\000u\000l\000i\000n\000g}{section.9}% 29
\BOOKMARK [2][-]{subsection.9.2}{\376\377\000Z\000a\000i\000n\000o\000\040\000f\000r\000a\000z\000i\000o\000n\000a\000r\000i\000o}{section.9}% 30
\BOOKMARK [1][-]{section.10}{\376\377\000A\000l\000g\000o\000r\000i\000t\000m\000i\000\040\000d\000i\000\040\000O\000r\000d\000i\000n\000a\000m\000e\000n\000t\000o\000\040\000\050\000S\000o\000r\000t\000\051}{}% 31
\BOOKMARK [2][-]{subsection.10.1}{\376\377\000I\000n\000s\000e\000r\000t\000i\000o\000n\000\040\000S\000o\000r\000t}{section.10}% 32
\BOOKMARK [3][-]{subsubsection.10.1.1}{\376\377\000T\000e\000o\000r\000e\000m\000a\000\040\000d\000i\000\040\000c\000o\000r\000r\000e\000t\000t\000e\000z\000z\000a}{subsection.10.1}% 33
\BOOKMARK [2][-]{subsection.10.2}{\376\377\000S\000e\000l\000e\000c\000t\000i\000o\000n\000\040\000S\000o\000r\000t}{section.10}% 34
\BOOKMARK [3][-]{subsubsection.10.2.1}{\376\377\000T\000e\000o\000r\000e\000m\000a\000\040\000d\000i\000\040\000c\000o\000r\000r\000e\000t\000t\000e\000z\000z\000a}{subsection.10.2}% 35
\BOOKMARK [2][-]{subsection.10.3}{\376\377\000B\000u\000b\000b\000l\000e\000\040\000S\000o\000r\000t}{section.10}% 36
\BOOKMARK [3][-]{subsubsection.10.3.1}{\376\377\000T\000e\000o\000r\000e\000m\000a\000\040\000d\000i\000\040\000c\000o\000r\000r\000e\000t\000t\000e\000z\000z\000a}{subsection.10.3}% 37
\BOOKMARK [2][-]{subsection.10.4}{\376\377\000M\000e\000r\000g\000e\000\040\000S\000o\000r\000t}{section.10}% 38
\BOOKMARK [3][-]{subsubsection.10.4.1}{\376\377\000T\000e\000o\000r\000e\000m\000a\000\040\000d\000i\000\040\000c\000o\000r\000r\000e\000t\000t\000e\000z\000z\000a}{subsection.10.4}% 39
\BOOKMARK [2][-]{subsection.10.5}{\376\377\000Q\000u\000i\000c\000k\000\040\000S\000o\000r\000t}{section.10}% 40
\BOOKMARK [3][-]{subsubsection.10.5.1}{\376\377\000T\000e\000o\000r\000e\000m\000a\000\040\000d\000i\000\040\000c\000o\000r\000r\000e\000t\000t\000e\000z\000z\000a}{subsection.10.5}% 41
\BOOKMARK [2][-]{subsection.10.6}{\376\377\000H\000e\000a\000p\000\040\000S\000o\000r\000t}{section.10}% 42
\BOOKMARK [3][-]{subsubsection.10.6.1}{\376\377\000T\000e\000o\000r\000e\000m\000a\000\040\000d\000i\000\040\000c\000o\000r\000r\000e\000t\000t\000e\000z\000z\000a}{subsection.10.6}% 43
\BOOKMARK [2][-]{subsection.10.7}{\376\377\000C\000o\000u\000n\000t\000i\000n\000g\000\040\000S\000o\000r\000t}{section.10}% 44
\BOOKMARK [3][-]{subsubsection.10.7.1}{\376\377\000T\000e\000o\000r\000e\000m\000a\000\040\000d\000i\000\040\000c\000o\000r\000r\000e\000t\000t\000e\000z\000z\000a}{subsection.10.7}% 45
\BOOKMARK [2][-]{subsection.10.8}{\376\377\000R\000a\000d\000i\000x\000\040\000S\000o\000r\000t}{section.10}% 46
\BOOKMARK [3][-]{subsubsection.10.8.1}{\376\377\000T\000e\000o\000r\000e\000m\000a\000\040\000d\000i\000\040\000c\000o\000r\000r\000e\000t\000t\000e\000z\000z\000a}{subsection.10.8}% 47
\BOOKMARK [2][-]{subsection.10.9}{\376\377\000B\000u\000c\000k\000e\000t\000\040\000S\000o\000r\000t}{section.10}% 48
\BOOKMARK [3][-]{subsubsection.10.9.1}{\376\377\000T\000e\000o\000r\000e\000m\000a\000\040\000d\000i\000\040\000c\000o\000r\000r\000e\000t\000t\000e\000z\000z\000a}{subsection.10.9}% 49
\BOOKMARK [1][-]{section.11}{\376\377\000L\000i\000n\000g\000u\000a\000g\000g\000i\000o\000\040\000d\000i\000\040\000M\000A\000O\000\040\000/\000\040\000M\000i\000n\000i\000M\000A\000O}{}% 50
\BOOKMARK [2][-]{subsection.11.1}{\376\377\000E\000s\000p\000r\000e\000s\000s\000i\000o\000n\000i\000\040\000s\000e\000m\000a\000n\000t\000i\000c\000h\000e\000\040\000c\000o\000l\000l\000a\000t\000e\000r\000a\000l\000i\000\040\000e\000\040\000p\000u\000r\000e}{section.11}% 51
\BOOKMARK [2][-]{subsection.11.2}{\376\377\000C\000o\000n\000t\000r\000o\000l\000l\000o\000\040\000d\000e\000i\000\040\000t\000i\000p\000i\000\040\000\050\000T\000y\000p\000e\000\040\000C\000h\000e\000c\000k\000i\000n\000g\000\051}{section.11}% 52
\BOOKMARK [3][-]{subsubsection.11.2.1}{\376\377\000A\000n\000a\000l\000i\000s\000i\000\040\000s\000t\000a\000t\000i\000c\000a}{subsection.11.2}% 53
\BOOKMARK [2][-]{subsection.11.3}{\376\377\000G\000r\000a\000m\000m\000a\000t\000i\000c\000a\000\040\000e\000\040\000l\000i\000n\000g\000u\000a\000g\000g\000i\000o\000\040\000d\000i\000\040\000M\000A\000O}{section.11}% 54
\BOOKMARK [2][-]{subsection.11.4}{\376\377\000F\000u\000n\000z\000i\000o\000n\000i\000\040\000i\000n\000\040\000M\000A\000O}{section.11}% 55
\BOOKMARK [2][-]{subsection.11.5}{\376\377\000R\000e\000c\000o\000r\000d\000\040\000d\000i\000\040\000a\000t\000t\000i\000v\000a\000z\000i\000o\000n\000e\000\040\000\050\000s\000t\000a\000c\000k\000\040\000f\000r\000a\000m\000e\000\051}{section.11}% 56
\BOOKMARK [2][-]{subsection.11.6}{\376\377\000R\000i\000c\000o\000r\000s\000i\000o\000n\000e}{section.11}% 57
\BOOKMARK [1][-]{section.12}{\376\377\000S\000t\000r\000u\000t\000t\000u\000r\000e\000\040\000D\000a\000t\000i}{}% 58
\BOOKMARK [2][-]{subsection.12.1}{\376\377\000A\000l\000b\000e\000r\000i}{section.12}% 59
\BOOKMARK [2][-]{subsection.12.2}{\376\377\000A\000l\000b\000e\000r\000i\000\040\000b\000i\000n\000a\000r\000i\000\040\000d\000i\000\040\000r\000i\000c\000e\000r\000c\000a}{section.12}% 60
\BOOKMARK [2][-]{subsection.12.3}{\376\377\000D\000i\000z\000i\000o\000n\000a\000r\000i}{section.12}% 61
\BOOKMARK [2][-]{subsection.12.4}{\376\377\000T\000a\000b\000e\000l\000l\000a\000\040\000H\000a\000s\000h}{section.12}% 62
\BOOKMARK [1][-]{section.13}{\376\377\000G\000r\000a\000f\000i}{}% 63
\BOOKMARK [2][-]{subsection.13.1}{\376\377\000G\000r\000a\000f\000i\000\040\000n\000o\000n\000\040\000o\000r\000i\000e\000n\000t\000a\000t\000i}{section.13}% 64
\BOOKMARK [2][-]{subsection.13.2}{\376\377\000G\000r\000a\000f\000i\000\040\000o\000r\000i\000e\000n\000t\000a\000t\000i}{section.13}% 65
\BOOKMARK [2][-]{subsection.13.3}{\376\377\000C\000o\000m\000p\000l\000e\000s\000s\000i\000t\000a\000\040\000d\000e\000l\000l\000e\000\040\000o\000p\000e\000r\000a\000z\000i\000o\000n\000i\000\040\000\050\000M\000a\000t\000r\000i\000c\000e\000\040\000d\000i\000\040\000a\000d\000i\000a\000c\000e\000n\000z\000a\000\051}{section.13}% 66
\BOOKMARK [2][-]{subsection.13.4}{\376\377\000C\000o\000m\000p\000l\000e\000s\000s\000i\000t\000a\000\040\000d\000e\000l\000l\000e\000\040\000o\000p\000e\000r\000a\000z\000i\000o\000n\000i\000\040\000\050\000L\000i\000s\000t\000e\000\040\000d\000i\000\040\000a\000d\000i\000a\000c\000e\000n\000z\000a\000\051}{section.13}% 67
\BOOKMARK [2][-]{subsection.13.5}{\376\377\000V\000i\000s\000i\000t\000e\000\040\000s\000u\000i\000\040\000g\000r\000a\000f\000i}{section.13}% 68
\BOOKMARK [3][-]{subsubsection.13.5.1}{\376\377\000B\000F\000S}{subsection.13.5}% 69
\BOOKMARK [3][-]{subsubsection.13.5.2}{\376\377\000D\000F\000S}{subsection.13.5}% 70
\BOOKMARK [3][-]{subsubsection.13.5.3}{\376\377\000O\000r\000d\000i\000n\000a\000m\000e\000n\000t\000o\000\040\000t\000o\000p\000o\000l\000o\000g\000i\000c\000o\000\040\000e\000\040\000D\000A\000G}{subsection.13.5}% 71
\BOOKMARK [2][-]{subsection.13.6}{\376\377\000A\000l\000g\000o\000r\000i\000t\000m\000o\000\040\000d\000i\000\040\000D\000i\000j\000k\000s\000t\000r\000a}{section.13}% 72
\BOOKMARK [3][-]{subsubsection.13.6.1}{\376\377\000V\000a\000r\000i\000a\000n\000t\000e\000\040\000d\000e\000i\000\040\000c\000a\000m\000m\000i\000n\000i\000\040\000c\000o\000n\000\040\000s\000o\000r\000g\000e\000n\000t\000e\000\040\000u\000n\000i\000c\000a}{subsection.13.6}% 73
\BOOKMARK [3][-]{subsubsection.13.6.2}{\376\377\000P\000r\000o\000p\000r\000i\000e\000t\000\340\000\040\000d\000e\000i\000\040\000c\000a\000m\000m\000i\000n\000i\000\040\000m\000i\000n\000i\000m\000i}{subsection.13.6}% 74
\BOOKMARK [3][-]{subsubsection.13.6.3}{\376\377\000F\000u\000n\000z\000i\000o\000n\000a\000m\000e\000n\000t\000o\000\040\000d\000e\000l\000l\000'\000a\000l\000g\000o\000r\000i\000t\000m\000o\000\040\000d\000i\000\040\000D\000i\000j\000k\000s\000t\000r\000a}{subsection.13.6}% 75
\BOOKMARK [3][-]{subsubsection.13.6.4}{\376\377\000T\000e\000o\000r\000e\000m\000a\000\040\000d\000i\000\040\000c\000o\000r\000r\000e\000t\000t\000e\000z\000z\000a}{subsection.13.6}% 76
\BOOKMARK [1][-]{section.14}{\376\377\000C\000a\000l\000c\000o\000l\000a\000b\000i\000l\000i\000t\000\340}{}% 77
\BOOKMARK [2][-]{subsection.14.1}{\376\377\000E\000s\000i\000s\000t\000e\000n\000z\000a\000\040\000d\000e\000i\000\040\000p\000r\000o\000b\000l\000e\000m\000i\000\040\000i\000n\000d\000e\000c\000i\000d\000i\000b\000i\000l\000i}{section.14}% 78
\BOOKMARK [2][-]{subsection.14.2}{\376\377\000I\000l\000\040\000p\000r\000o\000b\000l\000e\000m\000a\000\040\000d\000e\000l\000l\000'\000a\000r\000r\000e\000s\000t\000o}{section.14}% 79
\BOOKMARK [2][-]{subsection.14.3}{\376\377\000T\000e\000s\000i\000\040\000d\000i\000\040\000C\000h\000u\000r\000c\000h\000-\000T\000u\000r\000i\000n\000g}{section.14}% 80
\BOOKMARK [2][-]{subsection.14.4}{\376\377\000P\000r\000o\000b\000l\000e\000m\000i\000\040\000t\000r\000a\000t\000t\000a\000b\000i\000l\000i\000\040\000e\000\040\000i\000n\000t\000r\000a\000t\000t\000a\000b\000i\000l\000i}{section.14}% 81
\BOOKMARK [1][-]{section.15}{\376\377\000C\000o\000m\000p\000l\000e\000s\000s\000i\000t\000\340}{}% 82
\BOOKMARK [2][-]{subsection.15.1}{\376\377\000D\000i\000f\000f\000e\000r\000e\000n\000z\000a\000\040\000d\000i\000\040\000p\000o\000t\000e\000n\000z\000a\000\040\000t\000r\000a\000\040\000c\000a\000l\000c\000o\000l\000a\000t\000o\000r\000i}{section.15}% 83
\BOOKMARK [2][-]{subsection.15.2}{\376\377\000C\000a\000t\000e\000g\000o\000r\000i\000z\000z\000a\000z\000i\000o\000n\000e\000\040\000d\000e\000i\000\040\000p\000r\000o\000b\000l\000e\000m\000i}{section.15}% 84
\BOOKMARK [2][-]{subsection.15.3}{\376\377\000T\000i\000m\000e\000\040\000e\000\040\000S\000p\000a\000c\000e}{section.15}% 85
\BOOKMARK [2][-]{subsection.15.4}{\376\377\000C\000l\000a\000s\000s\000i\000\040\000d\000i\000\040\000p\000r\000o\000b\000l\000e\000m\000i}{section.15}% 86
\BOOKMARK [3][-]{subsubsection.15.4.1}{\376\377\000S\000A\000T}{subsection.15.4}% 87
\BOOKMARK [2][-]{subsection.15.5}{\376\377\000C\000e\000r\000t\000i\000f\000i\000c\000a\000t\000i}{section.15}% 88
\BOOKMARK [3][-]{subsubsection.15.5.1}{\376\377\000R\000i\000d\000u\000z\000i\000o\000n\000e\000\040\000p\000o\000l\000i\000n\000o\000m\000i\000a\000l\000e}{subsection.15.5}% 89
\BOOKMARK [3][-]{subsubsection.15.5.2}{\376\377\000T\000e\000o\000r\000e\000m\000a\000\040\000d\000i\000\040\000C\000o\000o\000k\000\040\000\050\0001\0009\0007\0001\000\051}{subsection.15.5}% 90
\BOOKMARK [2][-]{subsection.15.6}{\376\377\000E\000s\000e\000r\000c\000i\000z\000i}{section.15}% 91
\BOOKMARK [3][-]{subsubsection.15.6.1}{\376\377\000C\000o\000m\000e\000\040\000r\000i\000s\000o\000l\000v\000e\000r\000e\000\040\000e\000s\000e\000r\000c\000i\000z\000i}{subsection.15.6}% 92
\BOOKMARK [3][-]{subsubsection.15.6.2}{\376\377\000P\000r\000o\000b\000l\000e\000m\000a\000\040\0001}{subsection.15.6}% 93
\BOOKMARK [3][-]{subsubsection.15.6.3}{\376\377\000P\000r\000o\000b\000l\000e\000m\000a\000\040\0002}{subsection.15.6}% 94
\BOOKMARK [3][-]{subsubsection.15.6.4}{\376\377\000P\000r\000o\000b\000l\000e\000m\000a\000\040\0003}{subsection.15.6}% 95
\BOOKMARK [1][-]{section.16}{\376\377\000A\000l\000t\000r\000i\000\040\000a\000l\000g\000o\000r\000i\000t\000m\000i}{}% 96
\BOOKMARK [2][-]{subsection.16.1}{\376\377\000A\000r\000r\000a\000y\000\040\000n\000o\000n\000\040\000o\000r\000d\000i\000n\000a\000t\000o}{section.16}% 97
\BOOKMARK [3][-]{subsubsection.16.1.1}{\376\377\000R\000i\000c\000e\000r\000c\000a}{subsection.16.1}% 98
\BOOKMARK [3][-]{subsubsection.16.1.2}{\376\377\000I\000n\000s\000e\000r\000i\000m\000e\000n\000t\000o}{subsection.16.1}% 99
\BOOKMARK [3][-]{subsubsection.16.1.3}{\376\377\000C\000a\000n\000c\000e\000l\000l\000a\000z\000i\000o\000n\000e}{subsection.16.1}% 100
\BOOKMARK [2][-]{subsection.16.2}{\376\377\000A\000r\000r\000a\000y\000\040\000o\000r\000d\000i\000n\000a\000t\000o}{section.16}% 101
\BOOKMARK [3][-]{subsubsection.16.2.1}{\376\377\000R\000i\000c\000e\000r\000c\000a}{subsection.16.2}% 102
\BOOKMARK [3][-]{subsubsection.16.2.2}{\376\377\000I\000n\000s\000e\000r\000i\000m\000e\000n\000t\000o}{subsection.16.2}% 103
\BOOKMARK [3][-]{subsubsection.16.2.3}{\376\377\000C\000a\000n\000c\000e\000l\000l\000a\000z\000i\000o\000n\000e}{subsection.16.2}% 104
\BOOKMARK [2][-]{subsection.16.3}{\376\377\000L\000i\000s\000t\000a\000\040\000n\000o\000n\000\040\000o\000r\000d\000i\000n\000a\000t\000a\000\040\000\050\000s\000e\000m\000p\000l\000i\000c\000e\000m\000e\000n\000t\000e\000\040\000c\000o\000n\000c\000a\000t\000e\000n\000a\000t\000a\000\051}{section.16}% 105
\BOOKMARK [3][-]{subsubsection.16.3.1}{\376\377\000R\000i\000c\000e\000r\000c\000a}{subsection.16.3}% 106
\BOOKMARK [3][-]{subsubsection.16.3.2}{\376\377\000I\000n\000s\000e\000r\000i\000m\000e\000n\000t\000o}{subsection.16.3}% 107
\BOOKMARK [3][-]{subsubsection.16.3.3}{\376\377\000C\000a\000n\000c\000e\000l\000l\000a\000z\000i\000o\000n\000e}{subsection.16.3}% 108
\BOOKMARK [2][-]{subsection.16.4}{\376\377\000L\000i\000s\000t\000a\000\040\000o\000r\000d\000i\000n\000a\000t\000a\000\040\000\050\000s\000e\000m\000p\000l\000i\000c\000e\000m\000e\000n\000t\000e\000\040\000c\000o\000n\000c\000a\000t\000e\000n\000a\000t\000a\000\051}{section.16}% 109
\BOOKMARK [3][-]{subsubsection.16.4.1}{\376\377\000R\000i\000c\000e\000r\000c\000a}{subsection.16.4}% 110
\BOOKMARK [3][-]{subsubsection.16.4.2}{\376\377\000I\000n\000s\000e\000r\000i\000m\000e\000n\000t\000o}{subsection.16.4}% 111
\BOOKMARK [3][-]{subsubsection.16.4.3}{\376\377\000C\000a\000n\000c\000e\000l\000l\000a\000z\000i\000o\000n\000e}{subsection.16.4}% 112
\BOOKMARK [2][-]{subsection.16.5}{\376\377\000L\000i\000s\000t\000a\000\040\000d\000o\000p\000p\000i\000a\000\040\000n\000o\000n\000\040\000o\000r\000d\000i\000n\000a\000t\000a}{section.16}% 113
\BOOKMARK [3][-]{subsubsection.16.5.1}{\376\377\000R\000i\000c\000e\000r\000c\000a}{subsection.16.5}% 114
\BOOKMARK [3][-]{subsubsection.16.5.2}{\376\377\000I\000n\000s\000e\000r\000i\000m\000e\000n\000t\000o}{subsection.16.5}% 115
\BOOKMARK [3][-]{subsubsection.16.5.3}{\376\377\000C\000a\000n\000c\000e\000l\000l\000a\000z\000i\000o\000n\000e}{subsection.16.5}% 116
\BOOKMARK [2][-]{subsection.16.6}{\376\377\000L\000i\000s\000t\000a\000\040\000d\000o\000p\000p\000i\000a\000\040\000o\000r\000d\000i\000n\000a\000t\000a}{section.16}% 117
\BOOKMARK [3][-]{subsubsection.16.6.1}{\376\377\000R\000i\000c\000e\000r\000c\000a}{subsection.16.6}% 118
\BOOKMARK [3][-]{subsubsection.16.6.2}{\376\377\000I\000n\000s\000e\000r\000i\000m\000e\000n\000t\000o}{subsection.16.6}% 119
\BOOKMARK [3][-]{subsubsection.16.6.3}{\376\377\000C\000a\000n\000c\000e\000l\000l\000a\000z\000i\000o\000n\000e}{subsection.16.6}% 120
\BOOKMARK [2][-]{subsection.16.7}{\376\377\000A\000l\000b\000e\000r\000o\000\040\000b\000i\000n\000a\000r\000i\000o\000\040\000\050\000g\000e\000n\000e\000r\000i\000c\000o\000\051}{section.16}% 121
\BOOKMARK [3][-]{subsubsection.16.7.1}{\376\377\000R\000i\000c\000e\000r\000c\000a}{subsection.16.7}% 122
\BOOKMARK [3][-]{subsubsection.16.7.2}{\376\377\000I\000n\000s\000e\000r\000i\000m\000e\000n\000t\000o}{subsection.16.7}% 123
\BOOKMARK [3][-]{subsubsection.16.7.3}{\376\377\000C\000a\000n\000c\000e\000l\000l\000a\000z\000i\000o\000n\000e}{subsection.16.7}% 124
\BOOKMARK [2][-]{subsection.16.8}{\376\377\000A\000l\000b\000e\000r\000o\000\040\000b\000i\000n\000a\000r\000i\000o\000\040\000d\000i\000\040\000r\000i\000c\000e\000r\000c\000a\000\040\000\050\000B\000S\000T\000\051}{section.16}% 125
\BOOKMARK [3][-]{subsubsection.16.8.1}{\376\377\000R\000i\000c\000e\000r\000c\000a}{subsection.16.8}% 126
\BOOKMARK [3][-]{subsubsection.16.8.2}{\376\377\000I\000n\000s\000e\000r\000i\000m\000e\000n\000t\000o}{subsection.16.8}% 127
\BOOKMARK [3][-]{subsubsection.16.8.3}{\376\377\000C\000a\000n\000c\000e\000l\000l\000a\000z\000i\000o\000n\000e}{subsection.16.8}% 128
\BOOKMARK [2][-]{subsection.16.9}{\376\377\000T\000a\000b\000e\000l\000l\000a\000\040\000r\000i\000a\000s\000s\000u\000n\000t\000i\000v\000a}{section.16}% 129
\BOOKMARK [1][-]{section.17}{\376\377\000C\000h\000e\000a\000t\000\040\000S\000h\000e\000e\000t\000\040\000\050\000M\000i\000n\000i\000M\000A\000O\000\040\000e\000\040\000M\000A\000O\000\051}{}% 130
\BOOKMARK [1][-]{section.18}{\376\377\000A\000l\000t\000r\000o}{}% 131
