\BOOKMARK [1][-]{section.1}{\376\377\000I\000n\000t\000r\000o\000d\000u\000z\000i\000o\000n\000e}{}% 1
\BOOKMARK [1][-]{section.2}{\376\377\000P\000r\000o\000c\000e\000s\000s\000o\000\040\000d\000e\000c\000i\000s\000i\000o\000n\000a\000l\000e}{}% 2
\BOOKMARK [1][-]{section.3}{\376\377\000M\000o\000d\000e\000l\000l\000i\000\040\000d\000i\000\040\000o\000t\000t\000i\000m\000i\000z\000z\000a\000z\000i\000o\000n\000e}{}% 3
\BOOKMARK [2][-]{subsection.3.1}{\376\377\000P\000r\000o\000g\000r\000a\000m\000m\000a\000z\000i\000o\000n\000e\000\040\000l\000i\000n\000e\000a\000r\000e\000\040\000e\000\040\000l\000i\000n\000e\000a\000r\000e\000\040\000i\000n\000t\000e\000r\000a}{section.3}% 4
\BOOKMARK [2][-]{subsection.3.2}{\376\377\000P\000i\000a\000n\000i\000f\000i\000c\000a\000z\000i\000o\000n\000e\000\040\000d\000e\000l\000l\000a\000\040\000p\000r\000o\000d\000u\000z\000i\000o\000n\000e\000\040\000\050\000e\000s\000e\000m\000p\000i\000o\000\051}{section.3}% 5
\BOOKMARK [3][-]{subsubsection.3.2.1}{\376\377\000D\000e\000s\000c\000r\000i\000z\000i\000o\000n\000e\000\040\000d\000e\000l\000\040\000p\000r\000o\000b\000l\000e\000m\000a}{subsection.3.2}% 6
\BOOKMARK [3][-]{subsubsection.3.2.2}{\376\377\000I\000n\000i\000z\000i\000a\000l\000i\000z\000z\000a\000z\000i\000o\000n\000e}{subsection.3.2}% 7
\BOOKMARK [3][-]{subsubsection.3.2.3}{\376\377\000T\000r\000a\000d\000u\000z\000i\000o\000n\000e\000\040\000i\000n\000\040\000g\000r\000a\000f\000i\000c\000o\000\040\000e\000\040\000s\000o\000l\000u\000z\000i\000o\000n\000e}{subsection.3.2}% 8
\BOOKMARK [2][-]{subsection.3.3}{\376\377\000P\000o\000s\000s\000i\000b\000i\000l\000i\000\040\000s\000o\000l\000u\000z\000i\000o\000n\000i\000\040\000d\000e\000i\000\040\000p\000r\000o\000b\000l\000e\000m\000i\000\040\000d\000i\000\040\000o\000t\000t\000i\000m\000i\000z\000z\000a\000z\000i\000o\000n\000e}{section.3}% 9
\BOOKMARK [1][-]{section.4}{\376\377\000T\000e\000c\000n\000i\000c\000a\000\040\000d\000i\000\040\000m\000o\000d\000e\000l\000l\000a\000z\000i\000o\000n\000e\000\040\000d\000i\000\040\000p\000r\000o\000b\000l\000e\000m\000i}{}% 10
\BOOKMARK [2][-]{subsection.4.1}{\376\377\000I\000l\000\040\000p\000r\000o\000b\000l\000e\000m\000a\000\040\000d\000e\000l\000l\000a\000\040\000f\000o\000n\000d\000e\000r\000i\000a\000\040\000\050\000e\000s\000e\000m\000p\000i\000o\000\051}{section.4}% 11
\BOOKMARK [3][-]{subsubsection.4.1.1}{\376\377\000D\000e\000s\000c\000r\000i\000z\000i\000o\000n\000e\000\040\000d\000e\000l\000\040\000p\000r\000o\000b\000l\000e\000m\000a}{subsection.4.1}% 12
\BOOKMARK [3][-]{subsubsection.4.1.2}{\376\377\000I\000n\000i\000z\000i\000a\000l\000i\000z\000z\000a\000z\000i\000o\000n\000e}{subsection.4.1}% 13
\BOOKMARK [3][-]{subsubsection.4.1.3}{\376\377\000U\000n\000\040\000p\000r\000o\000b\000l\000e\000m\000a\000\040\000d\000i\000f\000f\000i\000c\000i\000l\000e\000:\000\040\000g\000e\000n\000e\000r\000a\000l\000i\000z\000z\000a\000z\000i\000o\000e}{subsection.4.1}% 14
\BOOKMARK [1][-]{section.5}{\376\377\000V\000a\000r\000i\000a\000b\000i\000l\000i\000\040\000b\000i\000n\000a\000r\000i\000e}{}% 15
\BOOKMARK [2][-]{subsection.5.1}{\376\377\000P\000r\000o\000b\000l\000e\000m\000a\000\040\000d\000e\000l\000l\000o\000\040\000z\000a\000i\000n\000o\000\040\000\050\000e\000s\000e\000m\000p\000i\000o\000\051}{section.5}% 16
\BOOKMARK [3][-]{subsubsection.5.1.1}{\376\377\000D\000e\000s\000c\000r\000i\000z\000i\000o\000n\000e\000\040\000d\000e\000l\000\040\000p\000r\000o\000b\000l\000e\000m\000a}{subsection.5.1}% 17
\BOOKMARK [3][-]{subsubsection.5.1.2}{\376\377\000I\000n\000i\000z\000i\000a\000l\000i\000z\000z\000a\000z\000i\000o\000n\000e}{subsection.5.1}% 18
\BOOKMARK [3][-]{subsubsection.5.1.3}{\376\377\000R\000a\000p\000p\000r\000e\000s\000e\000n\000t\000a\000z\000i\000o\000n\000e\000\040\000r\000e\000l\000a\000z\000i\000o\000n\000i\000\040\000l\000o\000g\000i\000c\000h\000e}{subsection.5.1}% 19
\BOOKMARK [2][-]{subsection.5.2}{\376\377\000A\000l\000b\000e\000r\000o\000\040\000d\000i\000\040\000c\000o\000p\000e\000r\000t\000u\000r\000a\000\040\000d\000i\000\040\000c\000o\000s\000t\000o\000\040\000m\000i\000n\000i\000m\000o\000\040\000\050\000e\000s\000e\000m\000p\000i\000o\000\040\000a\000p\000p\000l\000i\000c\000a\000t\000i\000v\000o\000\051}{section.5}% 20
\BOOKMARK [3][-]{subsubsection.5.2.1}{\376\377\000I\000n\000i\000z\000i\000a\000l\000i\000z\000z\000a\000z\000i\000o\000n\000e}{subsection.5.2}% 21
\BOOKMARK [3][-]{subsubsection.5.2.2}{\376\377\000P\000r\000o\000b\000l\000e\000m\000a\000\040\000d\000e\000l\000\040\000c\000o\000m\000m\000e\000s\000s\000o\000\040\000v\000i\000a\000g\000g\000i\000a\000t\000o\000r\000e\000\040\000\050\000a\000p\000p\000l\000i\000c\000a\000t\000o\000\040\000a\000l\000\040\000g\000r\000a\000f\000o\000\051}{subsection.5.2}% 22
\BOOKMARK [2][-]{subsection.5.3}{\376\377\000P\000r\000o\000b\000l\000e\000m\000a\000\040\000d\000i\000\040\000a\000s\000s\000e\000g\000n\000a\000m\000e\000n\000t\000o\000\040\000\050\000e\000s\000e\000m\000p\000i\000o\000\040\000a\000p\000p\000l\000i\000c\000a\000t\000i\000v\000o\000\051}{section.5}% 23
\BOOKMARK [3][-]{subsubsection.5.3.1}{\376\377\000I\000n\000i\000z\000i\000a\000l\000i\000z\000z\000a\000z\000i\000o\000n\000e}{subsection.5.3}% 24
\BOOKMARK [2][-]{subsection.5.4}{\376\377\000A\000s\000s\000e\000g\000n\000a\000m\000e\000n\000t\000o\000\040\000d\000i\000\040\000f\000r\000e\000q\000u\000e\000n\000z\000e\000\040\000\050\000e\000s\000e\000m\000p\000i\000o\000\040\000a\000p\000p\000l\000i\000c\000a\000t\000i\000v\000o\000\051}{section.5}% 25
\BOOKMARK [3][-]{subsubsection.5.4.1}{\376\377\000I\000n\000i\000z\000i\000a\000l\000i\000z\000z\000a\000z\000i\000o\000n\000e}{subsection.5.4}% 26
\BOOKMARK [1][-]{section.6}{\376\377\000P\000a\000r\000t\000i\000z\000i\000o\000n\000e\000\040\000d\000i\000\040\000s\000o\000t\000t\000o\000i\000n\000s\000i\000e\000m\000i}{}% 27
\BOOKMARK [2][-]{subsection.6.1}{\376\377\000P\000r\000o\000b\000l\000e\000m\000a\000\040\000d\000i\000\040\000p\000a\000r\000t\000i\000z\000i\000o\000n\000e}{section.6}% 28
\BOOKMARK [3][-]{subsubsection.6.1.1}{\376\377\000D\000e\000s\000c\000r\000i\000z\000i\000o\000n\000e\000\040\000d\000e\000l\000\040\000p\000r\000o\000b\000l\000e\000m\000a}{subsection.6.1}% 29
\BOOKMARK [3][-]{subsubsection.6.1.2}{\376\377\000I\000n\000i\000z\000i\000a\000l\000i\000z\000z\000a\000z\000i\000o\000n\000e}{subsection.6.1}% 30
\BOOKMARK [2][-]{subsection.6.2}{\376\377\000P\000r\000o\000b\000l\000e\000m\000a\000\040\000d\000i\000\040\000c\000o\000n\000f\000i\000g\000u\000r\000a\000z\000i\000o\000n\000e}{section.6}% 31
\BOOKMARK [3][-]{subsubsection.6.2.1}{\376\377\000D\000e\000s\000c\000r\000i\000z\000i\000o\000n\000e\000\040\000d\000e\000l\000\040\000p\000r\000o\000b\000l\000e\000m\000a}{subsection.6.2}% 32
\BOOKMARK [2][-]{subsection.6.3}{\376\377\000P\000r\000o\000b\000l\000e\000m\000a\000\040\000d\000i\000\040\000i\000n\000s\000t\000r\000a\000d\000a\000m\000e\000n\000t\000o}{section.6}% 33
\BOOKMARK [3][-]{subsubsection.6.3.1}{\376\377\000D\000e\000s\000c\000r\000i\000z\000i\000o\000n\000e\000\040\000d\000e\000l\000\040\000p\000r\000o\000b\000l\000e\000m\000a}{subsection.6.3}% 34
\BOOKMARK [3][-]{subsubsection.6.3.2}{\376\377\000I\000n\000i\000z\000i\000a\000l\000i\000z\000z\000a\000z\000i\000o\000n\000e}{subsection.6.3}% 35
\BOOKMARK [1][-]{section.7}{\376\377\000P\000r\000o\000b\000l\000e\000m\000i\000\040\000s\000u\000\040\000r\000e\000t\000i\000:\000\040\000p\000r\000o\000b\000l\000e\000m\000i\000\040\000d\000i\000\040\000f\000l\000u\000s\000s\000o\000\040\000e\000\040\000d\000i\000\040\000c\000a\000m\000m\000i\000n\000o}{}% 36
\BOOKMARK [2][-]{subsection.7.1}{\376\377\000P\000r\000o\000b\000l\000e\000m\000a\000\040\000d\000e\000l\000l\000e\000\040\000f\000o\000g\000n\000a\000t\000u\000r\000e\000\040\000\050\000e\000s\000e\000m\000p\000i\000o\000\051}{section.7}% 37
\BOOKMARK [3][-]{subsubsection.7.1.1}{\376\377\000D\000e\000s\000c\000r\000i\000z\000i\000o\000n\000e\000\040\000d\000e\000l\000\040\000p\000r\000o\000b\000l\000e\000m\000a}{subsection.7.1}% 38
\BOOKMARK [3][-]{subsubsection.7.1.2}{\376\377\000I\000n\000i\000z\000i\000a\000l\000i\000z\000z\000a\000z\000i\000o\000n\000e}{subsection.7.1}% 39
\BOOKMARK [2][-]{subsection.7.2}{\376\377\000P\000r\000o\000b\000l\000e\000m\000a\000\040\000d\000e\000l\000\040\000f\000l\000u\000s\000s\000o\000\040\000d\000i\000\040\000c\000o\000s\000t\000o\000\040\000m\000i\000n\000i\000m\000o}{section.7}% 40
\BOOKMARK [3][-]{subsubsection.7.2.1}{\376\377\000D\000e\000s\000c\000r\000i\000z\000i\000o\000n\000e\000\040\000d\000e\000l\000\040\000p\000r\000o\000b\000l\000e\000m\000a}{subsection.7.2}% 41
\BOOKMARK [3][-]{subsubsection.7.2.2}{\376\377\000I\000n\000i\000z\000i\000a\000l\000i\000z\000z\000a\000z\000i\000o\000n\000e}{subsection.7.2}% 42
\BOOKMARK [2][-]{subsection.7.3}{\376\377\000P\000r\000o\000b\000l\000e\000m\000a\000\040\000d\000e\000l\000\040\000c\000a\000m\000m\000i\000n\000o\000\040\000m\000i\000n\000i\000m\000o}{section.7}% 43
\BOOKMARK [3][-]{subsubsection.7.3.1}{\376\377\000D\000e\000s\000c\000r\000i\000z\000i\000o\000n\000e\000\040\000d\000e\000l\000\040\000p\000r\000o\000b\000l\000e\000m\000a}{subsection.7.3}% 44
\BOOKMARK [3][-]{subsubsection.7.3.2}{\376\377\000I\000n\000i\000z\000i\000a\000l\000i\000z\000z\000a\000z\000i\000o\000n\000e}{subsection.7.3}% 45
\BOOKMARK [1][-]{section.8}{\376\377\000V\000a\000r\000i\000a\000b\000i\000l\000i\000\040\000a\000\040\000v\000a\000l\000o\000r\000i\000\040\000d\000i\000s\000c\000r\000e\000t\000i}{}% 46
\BOOKMARK [2][-]{subsection.8.1}{\376\377\000P\000r\000o\000b\000l\000e\000m\000a\000\040\000d\000e\000l\000l\000e\000\040\000f\000o\000g\000n\000a\000t\000u\000r\000e\000\040\000a\000m\000p\000l\000i\000a\000t\000o}{section.8}% 47
\BOOKMARK [3][-]{subsubsection.8.1.1}{\376\377\000D\000e\000s\000c\000r\000i\000z\000i\000o\000n\000e\000\040\000d\000e\000l\000\040\000p\000r\000o\000b\000l\000e\000m\000a}{subsection.8.1}% 48
\BOOKMARK [3][-]{subsubsection.8.1.2}{\376\377\000I\000n\000i\000z\000i\000a\000l\000i\000z\000z\000a\000z\000i\000o\000n\000e}{subsection.8.1}% 49
\BOOKMARK [1][-]{section.9}{\376\377\000V\000a\000r\000i\000a\000b\000i\000l\000i\000\040\000s\000e\000m\000i\000c\000o\000n\000t\000i\000n\000u\000e}{}% 50
\BOOKMARK [1][-]{section.10}{\376\377\000C\000o\000s\000t\000i\000\040\000d\000i\000\040\000s\000e\000t\000u\000p}{}% 51
\BOOKMARK [1][-]{section.11}{\376\377\000M\000a\000s\000s\000i\000m\000i\000z\000z\000a\000r\000e\000\040\000m\000i\000n\000i\000m\000i\000\040\000e\000\040\000m\000i\000n\000i\000m\000i\000z\000z\000a\000r\000e\000\040\000m\000a\000s\000s\000i\000m\000i}{}% 52
\BOOKMARK [2][-]{subsection.11.1}{\376\377\000T\000e\000m\000p\000i\000\040\000d\000i\000\040\000c\000o\000m\000p\000l\000e\000t\000a\000m\000e\000n\000t\000o\000\040\000d\000e\000l\000l\000e\000\040\000b\000a\000r\000c\000h\000e\000\040\000\050\000e\000s\000e\000m\000p\000i\000o\000\051}{section.11}% 53
\BOOKMARK [3][-]{subsubsection.11.1.1}{\376\377\000D\000e\000s\000c\000r\000i\000z\000i\000o\000n\000e\000\040\000d\000e\000l\000\040\000p\000r\000o\000b\000l\000e\000m\000a}{subsection.11.1}% 54
\BOOKMARK [3][-]{subsubsection.11.1.2}{\376\377\000I\000n\000i\000z\000i\000a\000l\000i\000z\000z\000a\000z\000i\000o\000n\000e}{subsection.11.1}% 55
\BOOKMARK [1][-]{section.12}{\376\377\000L\000i\000n\000e\000a\000r\000i\000z\000z\000a\000z\000i\000o\000n\000e\000\040\000v\000a\000l\000o\000r\000e\000\040\000a\000s\000s\000o\000l\000u\000t\000o}{}% 56
\BOOKMARK [2][-]{subsection.12.1}{\376\377\000E\000q\000u\000i\000p\000a\000r\000t\000i\000z\000i\000o\000n\000e\000\040\000\050\000e\000s\000e\000m\000p\000i\000o\000\051}{section.12}% 57
\BOOKMARK [3][-]{subsubsection.12.1.1}{\376\377\000D\000e\000s\000c\000r\000i\000z\000i\000o\000n\000e\000\040\000d\000e\000l\000\040\000p\000r\000o\000b\000l\000e\000m\000a}{subsection.12.1}% 58
\BOOKMARK [3][-]{subsubsection.12.1.2}{\376\377\000I\000n\000i\000z\000i\000a\000l\000i\000z\000z\000a\000z\000i\000o\000n\000e}{subsection.12.1}% 59
\BOOKMARK [1][-]{section.13}{\376\377\000V\000i\000n\000c\000o\000l\000i\000\040\000d\000i\000s\000g\000i\000u\000n\000t\000i\000v\000i}{}% 60
\BOOKMARK [2][-]{subsection.13.1}{\376\377\000G\000r\000a\000f\000o\000\040\000s\000p\000a\000z\000i\000o\000\040\000t\000e\000m\000p\000\040\000e\000\040\000p\000r\000o\000b\000a\000b\000i\000l\000i\000t\000\340\000\040\000\050\000e\000s\000e\000m\000p\000i\000o\000\051}{section.13}% 61
\BOOKMARK [3][-]{subsubsection.13.1.1}{\376\377\000D\000e\000s\000c\000r\000i\000z\000i\000o\000n\000e\000\040\000d\000e\000l\000\040\000p\000r\000o\000b\000l\000e\000m\000a}{subsection.13.1}% 62
\BOOKMARK [3][-]{subsubsection.13.1.2}{\376\377\000M\000o\000d\000e\000l\000l\000a\000z\000i\000o\000n\000e}{subsection.13.1}% 63
\BOOKMARK [1][-]{section.14}{\376\377\000G\000r\000a\000f\000i\000\040\000e\000\040\000r\000e\000t\000i\000\040\000d\000i\000\040\000f\000l\000u\000s\000s\000o}{}% 64
\BOOKMARK [2][-]{subsection.14.1}{\376\377\000D\000e\000f\000i\000n\000i\000z\000i\000o\000n\000i\000\040\000i\000n\000i\000z\000i\000a\000l\000i}{section.14}% 65
\BOOKMARK [2][-]{subsection.14.2}{\376\377\000T\000r\000a\000s\000f\000o\000r\000m\000a\000z\000i\000o\000n\000i\000\040\000e\000q\000u\000i\000v\000a\000l\000e\000n\000t\000i}{section.14}% 66
\BOOKMARK [2][-]{subsection.14.3}{\376\377\000I\000l\000\040\000p\000r\000o\000b\000l\000e\000m\000a\000\040\000d\000e\000l\000\040\000c\000a\000m\000m\000i\000n\000o\000\040\000d\000i\000\040\000c\000o\000s\000t\000o\000\040\000m\000i\000n\000i\000m\000o}{section.14}% 67
