\BOOKMARK [1][-]{section.1}{\376\377\000I\000n\000t\000r\000o\000d\000u\000z\000i\000o\000n\000e}{}% 1
\BOOKMARK [1][-]{section.2}{\376\377\000D\000e\000s\000c\000r\000i\000z\000i\000o\000n\000e\000\040\000d\000e\000i\000\040\000p\000a\000r\000a\000d\000i\000g\000m\000i}{}% 2
\BOOKMARK [2][-]{subsection.2.1}{\376\377\000P\000a\000r\000a\000d\000i\000g\000m\000a\000\040\000i\000m\000p\000e\000r\000a\000t\000i\000v\000o}{section.2}% 3
\BOOKMARK [2][-]{subsection.2.2}{\376\377\000P\000a\000r\000a\000d\000i\000g\000m\000a\000\040\000o\000b\000j\000e\000c\000t\000-\000o\000r\000i\000e\000n\000t\000e\000d}{section.2}% 4
\BOOKMARK [2][-]{subsection.2.3}{\376\377\000P\000a\000r\000a\000d\000i\000g\000m\000a\000\040\000f\000u\000n\000z\000i\000o\000n\000a\000l\000e}{section.2}% 5
\BOOKMARK [2][-]{subsection.2.4}{\376\377\000P\000r\000o\000g\000r\000a\000m\000m\000a\000z\000i\000o\000n\000e\000\040\000c\000o\000n\000c\000o\000r\000r\000e\000n\000t\000e}{section.2}% 6
\BOOKMARK [2][-]{subsection.2.5}{\376\377\000P\000r\000o\000g\000r\000a\000m\000m\000a\000z\000i\000o\000n\000e\000\040\000p\000a\000r\000a\000l\000l\000e\000l\000a}{section.2}% 7
\BOOKMARK [1][-]{section.3}{\376\377\000I\000l\000\040\000r\000u\000o\000l\000o\000\040\000c\000h\000i\000a\000v\000e\000\040\000d\000e\000i\000\040\000t\000i\000p\000i}{}% 8
\BOOKMARK [1][-]{section.4}{\376\377\000L\000i\000n\000g\000u\000a\000g\000g\000i}{}% 9
\BOOKMARK [2][-]{subsection.4.1}{\376\377\000F\000o\000r\000t\000r\000a\000n}{section.4}% 10
\BOOKMARK [2][-]{subsection.4.2}{\376\377\000A\000L\000G\000O\000L\000\040\0006\0000}{section.4}% 11
\BOOKMARK [2][-]{subsection.4.3}{\376\377\000L\000I\000S\000P}{section.4}% 12
\BOOKMARK [2][-]{subsection.4.4}{\376\377\000S\000I\000M\000U\000L\000A\000\040\0006\0007}{section.4}% 13
\BOOKMARK [2][-]{subsection.4.5}{\376\377\000C}{section.4}% 14
\BOOKMARK [2][-]{subsection.4.6}{\376\377\000P\000a\000s\000c\000a\000l}{section.4}% 15
\BOOKMARK [2][-]{subsection.4.7}{\376\377\000S\000m\000a\000l\000l\000t\000a\000l\000k}{section.4}% 16
\BOOKMARK [2][-]{subsection.4.8}{\376\377\000P\000R\000O\000L\000O\000G}{section.4}% 17
\BOOKMARK [2][-]{subsection.4.9}{\376\377\000C\000+\000+}{section.4}% 18
\BOOKMARK [2][-]{subsection.4.10}{\376\377\000J\000a\000v\000a}{section.4}% 19
\BOOKMARK [2][-]{subsection.4.11}{\376\377\000A\000l\000t\000r\000i\000\040\000l\000i\000n\000g\000u\000a\000g\000g\000i\000\040\000p\000o\000p\000o\000l\000a\000r\000i}{section.4}% 20
\BOOKMARK [2][-]{subsection.4.12}{\376\377\000C\000o\000m\000e\000\040\000c\000r\000e\000s\000c\000o\000n\000o\000\040\000i\000\040\000l\000i\000n\000g\000u\000a\000g\000g\000i\000?}{section.4}% 21
\BOOKMARK [1][-]{section.5}{\376\377\000A\000p\000p\000r\000o\000c\000c\000i\000o\000\040\000s\000c\000i\000e\000n\000t\000i\000f\000i\000c\000o}{}% 22
\BOOKMARK [1][-]{section.6}{\376\377\000L\000a\000m\000b\000d\000a\000\040\000C\000a\000l\000c\000u\000l\000u\000s}{}% 23
\BOOKMARK [2][-]{subsection.6.1}{\376\377\000D\000e\000f\000i\000n\000i\000z\000i\000o\000n\000e}{section.6}% 24
\BOOKMARK [2][-]{subsection.6.2}{\376\377\000L\000a\000m\000b\000d\000a\000\040\000e\000s\000p\000r\000e\000s\000s\000i\000o\000n\000i}{section.6}% 25
\BOOKMARK [3][-]{subsubsection.6.2.1}{\376\377\000S\000e\000g\000n\000a\000t\000u\000r\000a\000\040\000e\000\040\000f\000u\000n\000z\000i\000o\000n\000e\000\040\000i\000d\000e\000n\000t\000i\000t\000\340}{subsection.6.2}% 26
\BOOKMARK [3][-]{subsubsection.6.2.2}{\376\377\000A\000p\000p\000l\000i\000c\000a\000z\000i\000o\000n\000e}{subsection.6.2}% 27
\BOOKMARK [3][-]{subsubsection.6.2.3}{\376\377\000F\000u\000n\000z\000i\000o\000n\000e\000\040\000c\000o\000s\000t\000a\000n\000t\000e}{subsection.6.2}% 28
\BOOKMARK [3][-]{subsubsection.6.2.4}{\376\377\000F\000u\000n\000z\000i\000o\000n\000i\000\040\000a\000n\000n\000i\000d\000a\000t\000e}{subsection.6.2}% 29
\BOOKMARK [3][-]{subsubsection.6.2.5}{\376\377\000O\000r\000d\000i\000n\000e\000\040\000d\000i\000\040\000s\000e\000m\000p\000l\000i\000f\000i\000c\000a\000z\000i\000o\000n\000e}{subsection.6.2}% 30
\BOOKMARK [3][-]{subsubsection.6.2.6}{\376\377\000F\000u\000n\000z\000i\000o\000n\000i\000\040\000c\000o\000m\000e\000\040\000p\000a\000r\000a\000m\000e\000t\000r\000o}{subsection.6.2}% 31
\BOOKMARK [3][-]{subsubsection.6.2.7}{\376\377\000P\000r\000o\000l\000u\000n\000g\000a\000m\000e\000n\000t\000o\000\040\000d\000i\000\040\000e\000s\000p\000r\000e\000s\000s\000i\000o\000n\000e}{subsection.6.2}% 32
\BOOKMARK [3][-]{subsubsection.6.2.8}{\376\377\000P\000a\000r\000a\000m\000e\000t\000r\000i\000\040\000a\000t\000t\000u\000a\000l\000i\000\040\000n\000u\000m\000e\000r\000i\000c\000i}{subsection.6.2}% 33
\BOOKMARK [3][-]{subsubsection.6.2.9}{\376\377\000A\000m\000b\000i\000g\000u\000i\000t\000\340}{subsection.6.2}% 34
\BOOKMARK [2][-]{subsection.6.3}{\376\377\000C\000o\000n\000v\000e\000n\000z\000i\000o\000n\000i\000\040\000s\000i\000n\000t\000a\000t\000t\000i\000c\000h\000e}{section.6}% 35
\BOOKMARK [2][-]{subsection.6.4}{\376\377\000V\000a\000r\000i\000a\000b\000i\000l\000i\000\040\000l\000i\000b\000e\000r\000e\000\040\000e\000\040\000l\000e\000g\000a\000t\000e}{section.6}% 36
\BOOKMARK [2][-]{subsection.6.5}{\376\377\000D\000e\000f\000i\000n\000i\000z\000i\000o\000n\000e\000\040\000s\000i\000n\000t\000a\000t\000t\000i\000c\000a}{section.6}% 37
\BOOKMARK [2][-]{subsection.6.6}{\376\377\000A\000l\000b\000e\000r\000i\000\040\000p\000e\000r\000\040\000l\000a\000m\000b\000d\000a\000\040\000e\000s\000p\000r\000e\000s\000s\000i\000o\000n\000i}{section.6}% 38
\BOOKMARK [2][-]{subsection.6.7}{\376\377\000A\000l\000p\000h\000a\000\040\000e\000q\000u\000i\000v\000a\000l\000e\000n\000z\000a}{section.6}% 39
\BOOKMARK [2][-]{subsection.6.8}{\376\377\000V\000a\000l\000u\000t\000a\000z\000i\000o\000n\000e\000\040\000d\000i\000\040\000l\000a\000m\000b\000d\000a\000\040\000e\000s\000p\000r\000e\000s\000s\000i\000o\000n\000i}{section.6}% 40
\BOOKMARK [2][-]{subsection.6.9}{\376\377\000B\000e\000t\000a\000\040\000r\000e\000d\000u\000c\000t\000i\000o\000n\000\040\000e\000\040\000b\000e\000t\000a\000\040\000e\000q\000u\000i\000v\000a\000l\000e\000n\000z\000a}{section.6}% 41
\BOOKMARK [2][-]{subsection.6.10}{\376\377\000N\000o\000n\000\040\000t\000e\000r\000m\000i\000n\000a\000z\000i\000o\000n\000e}{section.6}% 42
\BOOKMARK [2][-]{subsection.6.11}{\376\377\000F\000o\000r\000m\000a\000\040\000n\000o\000r\000m\000a\000l\000e}{section.6}% 43
\BOOKMARK [2][-]{subsection.6.12}{\376\377\000T\000e\000o\000r\000e\000m\000a\000\040\000d\000i\000\040\000C\000h\000u\000r\000c\000h\000\040\000R\000o\000s\000s\000e\000r}{section.6}% 44
\BOOKMARK [2][-]{subsection.6.13}{\376\377\000F\000u\000n\000z\000i\000o\000n\000i\000\040\000d\000i\000\040\000o\000r\000d\000i\000n\000e\000\040\000s\000u\000p\000e\000r\000i\000o\000r\000e\000\040\000e\000\040\000c\000u\000r\000r\000y\000i\000n\000g}{section.6}% 45
\BOOKMARK [2][-]{subsection.6.14}{\376\377\000V\000a\000l\000u\000t\000a\000z\000i\000o\000n\000e\000\040\000d\000e\000l\000l\000'\000a\000p\000p\000l\000i\000c\000a\000z\000i\000o\000n\000e\000\040\000d\000i\000\040\000f\000u\000n\000z\000i\000o\000n\000e}{section.6}% 46
\BOOKMARK [2][-]{subsection.6.15}{\376\377\000I\000m\000p\000l\000e\000m\000e\000n\000t\000a\000z\000i\000o\000n\000e\000\040\000d\000e\000l\000l\000a\000\040\000r\000i\000c\000o\000r\000s\000i\000o\000n\000e}{section.6}% 47
\BOOKMARK [2][-]{subsection.6.16}{\376\377\000V\000a\000r\000i\000a\000b\000i\000l\000i\000\040\000b\000o\000o\000l\000e\000a\000n\000e}{section.6}% 48
\BOOKMARK [2][-]{subsection.6.17}{\376\377\000C\000o\000n\000d\000i\000z\000i\000o\000n\000a\000l\000e}{section.6}% 49
\BOOKMARK [2][-]{subsection.6.18}{\376\377\000N\000u\000m\000e\000r\000i}{section.6}% 50
\BOOKMARK [1][-]{section.7}{\376\377\000R\000e\000g\000o\000l\000e\000\040\000d\000i\000\040\000i\000n\000f\000e\000r\000e\000n\000z\000a}{}% 51
\BOOKMARK [2][-]{subsection.7.1}{\376\377\000S\000i\000n\000t\000a\000s\000s\000i}{section.7}% 52
\BOOKMARK [2][-]{subsection.7.2}{\376\377\000S\000u\000c\000c\000e\000s\000s\000o\000r\000e}{section.7}% 53
\BOOKMARK [2][-]{subsection.7.3}{\376\377\000P\000r\000e\000d\000e\000c\000e\000s\000s\000o\000r\000e}{section.7}% 54
\BOOKMARK [2][-]{subsection.7.4}{\376\377\000I\000s\000Z\000e\000r\000o}{section.7}% 55
\BOOKMARK [2][-]{subsection.7.5}{\376\377\000I\000f\000-\000E\000l\000s\000e}{section.7}% 56
\BOOKMARK [1][-]{section.8}{\376\377\000C\000o\000n\000t\000r\000o\000l\000l\000o\000\040\000d\000e\000i\000\040\000t\000i\000p\000i}{}% 57
\BOOKMARK [2][-]{subsection.8.1}{\376\377\000T\000i\000p\000i}{section.8}% 58
\BOOKMARK [2][-]{subsection.8.2}{\376\377\000W\000e\000l\000l\000-\000t\000y\000p\000e\000d\000\040\000e\000\040\000i\000l\000l\000-\000t\000y\000p\000e\000d}{section.8}% 59
\BOOKMARK [2][-]{subsection.8.3}{\376\377\000T\000y\000p\000e\000\040\000S\000a\000f\000e\000t\000y\000:\000\040\000C\000o\000r\000r\000e\000t\000t\000e\000z\000z\000a}{section.8}% 60
\BOOKMARK [2][-]{subsection.8.4}{\376\377\000C\000o\000n\000t\000r\000o\000l\000l\000o\000\040\000s\000u\000\040\000s\000u\000c\000c\000e\000s\000s\000o\000r\000e}{section.8}% 61
\BOOKMARK [2][-]{subsection.8.5}{\376\377\000C\000o\000n\000t\000r\000o\000l\000l\000o\000\040\000s\000u\000\040\000p\000r\000e\000d\000e\000c\000e\000s\000s\000o\000r\000e}{section.8}% 62
\BOOKMARK [2][-]{subsection.8.6}{\376\377\000C\000o\000n\000t\000r\000o\000l\000l\000o\000\040\000s\000u\000\040\000i\000s\000Z\000e\000r\000o}{section.8}% 63
\BOOKMARK [2][-]{subsection.8.7}{\376\377\000C\000o\000n\000t\000r\000o\000l\000l\000o\000\040\000s\000u\000\040\000i\000f\000-\000e\000l\000s\000e}{section.8}% 64
\BOOKMARK [1][-]{section.9}{\376\377\000L\000a\000m\000b\000d\000a\000\040\000C\000a\000l\000c\000u\000l\000u\000s\000\040\000T\000i\000p\000a\000t\000o}{}% 65
\BOOKMARK [2][-]{subsection.9.1}{\376\377\000L\000'\000i\000n\000t\000r\000o\000d\000u\000z\000i\000o\000n\000e\000\040\000d\000e\000i\000\040\000t\000i\000p\000i}{section.9}% 66
\BOOKMARK [2][-]{subsection.9.2}{\376\377\000S\000i\000s\000t\000e\000m\000a\000\040\000d\000i\000\040\000c\000o\000n\000t\000r\000o\000l\000l\000o\000\040\000d\000e\000i\000\040\000t\000i\000p\000i}{section.9}% 67
\BOOKMARK [2][-]{subsection.9.3}{\376\377\000S\000i\000n\000t\000a\000s\000s\000i\000\040\000d\000e\000i\000\040\000t\000i\000p\000i}{section.9}% 68
\BOOKMARK [2][-]{subsection.9.4}{\376\377\000A\000m\000b\000i\000e\000n\000t\000e\000\040\000d\000i\000\040\000t\000i\000p\000o}{section.9}% 69
\BOOKMARK [2][-]{subsection.9.5}{\376\377\000S\000u\000b\000s\000t\000i\000t\000u\000t\000i\000o\000n\000\040\000L\000e\000m\000m\000a}{section.9}% 70
\BOOKMARK [2][-]{subsection.9.6}{\376\377\000D\000i\000c\000h\000i\000a\000r\000a\000z\000i\000o\000n\000i\000\040\000l\000o\000c\000a\000l\000i}{section.9}% 71
\BOOKMARK [2][-]{subsection.9.7}{\376\377\000R\000i\000c\000o\000r\000s\000i\000o\000n\000e}{section.9}% 72
\BOOKMARK [1][-]{section.10}{\376\377\000O\000C\000a\000m\000l}{}% 73
\BOOKMARK [2][-]{subsection.10.1}{\376\377\000M\000L\000,\000\040\000u\000n\000\040\000a\000n\000t\000e\000n\000a\000t\000o}{section.10}% 74
\BOOKMARK [2][-]{subsection.10.2}{\376\377\000C\000o\000m\000e\000\040\000m\000a\000i\000\040\000N\000O\000N\000\040\000s\000t\000u\000d\000i\000a\000r\000e\000\040\000O\000C\000a\000m\000l\000\040\000\050\000M\000a\000\040\000i\000n\000v\000e\000c\000e\000\040\000s\000i\000\051}{section.10}% 75
\BOOKMARK [2][-]{subsection.10.3}{\376\377\000E\000s\000e\000c\000u\000t\000o\000r\000e\000\040\000d\000i\000\040\000O\000C\000a\000m\000l}{section.10}% 76
\BOOKMARK [1][-]{section.11}{\376\377\000E\000s\000e\000r\000c\000i\000z\000i}{}% 77
\BOOKMARK [2][-]{subsection.11.1}{\376\377\000E\000s\000e\000r\000c\000i\000z\000i\000o\000\040\0001}{section.11}% 78
\BOOKMARK [2][-]{subsection.11.2}{\376\377\000E\000s\000e\000r\000c\000i\000z\000i\000o\000\040\0002}{section.11}% 79
\BOOKMARK [2][-]{subsection.11.3}{\376\377\000E\000s\000e\000r\000c\000i\000z\000i\000o\000\040\0003}{section.11}% 80
\BOOKMARK [2][-]{subsection.11.4}{\376\377\000E\000s\000e\000r\000c\000i\000z\000i\000o\000\040\0004}{section.11}% 81
\BOOKMARK [2][-]{subsection.11.5}{\376\377\000E\000s\000e\000r\000c\000i\000z\000i\000o\000\040\0005}{section.11}% 82
\BOOKMARK [2][-]{subsection.11.6}{\376\377\000E\000s\000e\000r\000c\000i\000z\000i\000o\000\040\0006}{section.11}% 83
